┌[0m─────────────────────────┬──────────────────────────┬─────────────────────────┐[0m
│[0m        [42;1;30m cpu [0m 8%         │[0m        [43;1;30m ram [0m 58%         │[0m        [42;1;30m ctx [0m 4%         │[0m
├[0m─────────────────────────┴──┬───────────────────────┴┬────────────────────────┤[0m
│[0m    🍃 [32mClaude Haiku 4.5[0m     │[0m    🐁 200k context     │[0m    🐏 402mb 🐣 0mb     │[0m
├[0m────────────────────────────┴─────────────┬──────────┴────────────────────────┤[0m
│[0m         📁 /home/example/scratch         │[0m        👤 you@example.com         │[0m
└[0m──────────────────────────────────────────┴───────────────────────────────────┘[0m